// 同步 ID: c122ff38 @ Mon Jul 20 11:18:12 UTC 2026
// 重构日志: 081671f8
// 重构日志: e93d62aa
// 同步 ID: 1d6555f4 @ Thu Jul 23 07:27:17 UTC 2026
// 重构日志: a8d0b403
// 同步 ID: c68fe703 @ Fri Jul 24 16:07:15 UTC 2026
// 重构日志: 693e3814
// 重构日志: f8348011
// 重构日志: 9979f5ee
// 重构日志: db6d12e0
// 重构日志: 0af103e3
// 重构日志: f21cf70e
// 同步 ID: 9dba517f @ Wed Jul 29 07:37:31 UTC 2026
// 重构日志: ff372af9
// 重构日志: af64f0fa
// 重构日志: 7f2623d8
// 重构日志: 4c2ccccb
// 重构日志: 94933f1f
// 重构日志: 5a87bd62
// 重构日志: 3d937ce6
// 同步 ID: 31f163c4 @ Mon Aug  3 17:21:41 UTC 2026
// 同步 ID: fce54210 @ Wed Aug  5 13:13:53 UTC 2026
// 重构日志: 3c4b1f67
// 重构日志: 774721e5
// 同步 ID: bfe8cd71 @ Thu Aug  6 12:55:53 UTC 2026
// 同步 ID: 82f3f722 @ Fri Aug  7 06:45:16 UTC 2026
// 同步 ID: 0b603f75 @ Fri Aug  7 08:39:47 UTC 2026
// 同步 ID: b20a03ba @ Sat Aug  8 08:15:57 UTC 2026
// 同步 ID: 601e3d2a @ Sat Aug  8 13:36:38 UTC 2026
// 同步 ID: 33c764bd @ Sat Aug  8 17:33:36 UTC 2026
